
Allocating common symbols
Common symbol       size              file

M_Alarm_Value       0x4               Monitor.o
PS_stete_id         0x1               main.o
Alarm_STATE         0x4               Alarm.o
Monitor_STATE       0x4               Monitor.o
PSensor_STATE       0x4               Sensor_pressure.o
LED_Check           0x4               Alarm.o
Main_AL_state_id    0x1               main.o
MAL_STATE           0x4               Main_AL.o
MAL_clock           0x4               Main_AL.o
MAL_Pressure        0x4               Main_AL.o
counter_delay       0x4               Sensor_pressure.o
M_state_id          0x1               main.o
Alarm_state_id      0x1               Alarm.o

Memory Configuration

Name             Origin             Length             Attributes
flash            0x08000000         0x00020000         xr
sram             0x20000000         0x00005000         xrw
*default*        0x00000000         0xffffffff

Linker script and memory map


.text           0x08000000      0x47c
 *(.Vectors*)
 .Vectors       0x08000000       0x1c startup.o
                0x08000000                Vectors
 *(.text*)
 .text          0x0800001c       0xd4 Alarm.o
                0x0800001c                ST_LED_Init
                0x08000028                Start_Alarm
                0x0800004c                Stop_Alarm
                0x08000070                ST_LED_on
                0x080000a0                ST_LED_off
                0x080000d0                ST_LED_Waiting
 .text          0x080000f0       0xac driver.o
                0x080000f0                Delay
                0x08000110                Set_Alarm_actuator
                0x0800014c                GPIO_INITIALIZATION
 .text          0x0800019c       0x7c main.o
                0x0800019c                setup
                0x080001e0                main
 .text          0x08000218       0xbc Main_AL.o
                0x08000218                Set_Sensor_pressure
                0x08000244                ST_M_Checking
                0x0800028c                ST_M_Sending
                0x080002b0                ST_M_Waiting
 .text          0x080002d4       0x80 Monitor.o
                0x080002d4                Set_monitor_High_Pressure_Detection
                0x080002f0                ST_Alarm_on
                0x08000314                ST_Alarm_off
                0x0800032c                ST_Alarm_Waiting
 .text          0x08000354       0x98 Sensor_pressure.o
                0x08000354                ST_Pressure_Sensor_Init
                0x08000370                ST_PS_Reading
                0x080003ac                ST_PS_Waiting
                0x080003d4                getPressureVal
 .text          0x080003ec       0x90 startup.o
                0x080003ec                Bus_fault
                0x080003ec                MM_fault_Handler
                0x080003ec                Usage_fault_Handler
                0x080003ec                H_fault_Handler
                0x080003ec                Default_Handler
                0x080003ec                NMI_Handler
                0x080003f8                Reset_Handler
 *(.rodata*)
                0x0800047c                _E_text = .

.glue_7         0x0800047c        0x0
 .glue_7        0x0800047c        0x0 linker stubs

.glue_7t        0x0800047c        0x0
 .glue_7t       0x0800047c        0x0 linker stubs

.vfp11_veneer   0x0800047c        0x0
 .vfp11_veneer  0x0800047c        0x0 linker stubs

.v4_bx          0x0800047c        0x0
 .v4_bx         0x0800047c        0x0 linker stubs

.iplt           0x0800047c        0x0
 .iplt          0x0800047c        0x0 Alarm.o

.rel.dyn        0x0800047c        0x0
 .rel.iplt      0x0800047c        0x0 Alarm.o

.data           0x20000000        0x4 load address 0x0800047c
                0x20000000                _S_DATA = .
 *(.data*)
 .data          0x20000000        0x0 Alarm.o
 .data          0x20000000        0x0 driver.o
 .data          0x20000000        0x0 main.o
 .data          0x20000000        0x4 Main_AL.o
                0x20000000                MAL_Pressure_thresold
 .data          0x20000004        0x0 Monitor.o
 .data          0x20000004        0x0 Sensor_pressure.o
 .data          0x20000004        0x0 startup.o
                0x20000004                . = ALIGN (0x4)
                0x20000004                _E_DATA = .

.igot.plt       0x20000004        0x0 load address 0x08000480
 .igot.plt      0x20000004        0x0 Alarm.o

.bss            0x20000004     0x102c load address 0x08000480
                0x20000004                _S_bss = .
 *(.bss*)
 .bss           0x20000004        0x0 Alarm.o
 .bss           0x20000004        0x0 driver.o
 .bss           0x20000004        0x0 main.o
 .bss           0x20000004        0x0 Main_AL.o
 .bss           0x20000004        0x0 Monitor.o
 .bss           0x20000004        0x4 Sensor_pressure.o
                0x20000004                PS_Pressure
 .bss           0x20000008        0x0 startup.o
                0x20000008                . = ALIGN (0x4)
                0x20000008                _E_bss = .
                0x20001008                . = (. + 0x1000)
 *fill*         0x20000008     0x1000 
                0x20001008                _stack_top = .
 COMMON         0x20001008        0x9 Alarm.o
                0x20001008                Alarm_STATE
                0x2000100c                LED_Check
                0x20001010                Alarm_state_id
 COMMON         0x20001011        0x3 main.o
                0x20001011                PS_stete_id
                0x20001012                Main_AL_state_id
                0x20001013                M_state_id
 COMMON         0x20001014        0xc Main_AL.o
                0x20001014                MAL_STATE
                0x20001018                MAL_clock
                0x2000101c                MAL_Pressure
 COMMON         0x20001020        0x8 Monitor.o
                0x20001020                M_Alarm_Value
                0x20001024                Monitor_STATE
 COMMON         0x20001028        0x8 Sensor_pressure.o
                0x20001028                PSensor_STATE
                0x2000102c                counter_delay
LOAD Alarm.o
LOAD driver.o
LOAD main.o
LOAD Main_AL.o
LOAD Monitor.o
LOAD Sensor_pressure.o
LOAD startup.o
OUTPUT(High_Pressure_Detection.elf elf32-littlearm)

.debug_info     0x00000000     0x48c2
 .debug_info    0x00000000      0xa81 Alarm.o
 .debug_info    0x00000a81      0x9ec driver.o
 .debug_info    0x0000146d      0xab3 main.o
 .debug_info    0x00001f20      0xa8b Main_AL.o
 .debug_info    0x000029ab      0xa57 Monitor.o
 .debug_info    0x00003402      0xa67 Sensor_pressure.o
 .debug_info    0x00003e69      0xa59 startup.o

.debug_abbrev   0x00000000      0xd2f
 .debug_abbrev  0x00000000      0x1e1 Alarm.o
 .debug_abbrev  0x000001e1      0x1c6 driver.o
 .debug_abbrev  0x000003a7      0x1d6 main.o
 .debug_abbrev  0x0000057d      0x208 Main_AL.o
 .debug_abbrev  0x00000785      0x1e1 Monitor.o
 .debug_abbrev  0x00000966      0x1f9 Sensor_pressure.o
 .debug_abbrev  0x00000b5f      0x1d0 startup.o

.debug_loc      0x00000000      0x5f0
 .debug_loc     0x00000000      0x150 Alarm.o
 .debug_loc     0x00000150       0xfc driver.o
 .debug_loc     0x0000024c       0x70 main.o
 .debug_loc     0x000002bc      0x110 Main_AL.o
 .debug_loc     0x000003cc       0xc8 Monitor.o
 .debug_loc     0x00000494       0xe0 Sensor_pressure.o
 .debug_loc     0x00000574       0x7c startup.o

.debug_aranges  0x00000000       0xe0
 .debug_aranges
                0x00000000       0x20 Alarm.o
 .debug_aranges
                0x00000020       0x20 driver.o
 .debug_aranges
                0x00000040       0x20 main.o
 .debug_aranges
                0x00000060       0x20 Main_AL.o
 .debug_aranges
                0x00000080       0x20 Monitor.o
 .debug_aranges
                0x000000a0       0x20 Sensor_pressure.o
 .debug_aranges
                0x000000c0       0x20 startup.o

.debug_line     0x00000000      0x9b5
 .debug_line    0x00000000      0x181 Alarm.o
 .debug_line    0x00000181      0x141 driver.o
 .debug_line    0x000002c2      0x166 main.o
 .debug_line    0x00000428      0x181 Main_AL.o
 .debug_line    0x000005a9      0x17e Monitor.o
 .debug_line    0x00000727      0x18e Sensor_pressure.o
 .debug_line    0x000008b5      0x100 startup.o

.debug_str      0x00000000      0x7a9
 .debug_str     0x00000000      0x544 Alarm.o
                                0x5c6 (size before relaxing)
 .debug_str     0x00000544       0x3d driver.o
                                0x56a (size before relaxing)
 .debug_str     0x00000581       0x60 main.o
                                0x60f (size before relaxing)
 .debug_str     0x000005e1       0x73 Main_AL.o
                                0x5ed (size before relaxing)
 .debug_str     0x00000654       0x66 Monitor.o
                                0x5d7 (size before relaxing)
 .debug_str     0x000006ba       0x6f Sensor_pressure.o
                                0x5d6 (size before relaxing)
 .debug_str     0x00000729       0x80 startup.o
                                0x599 (size before relaxing)

.comment        0x00000000       0x7e
 .comment       0x00000000       0x7e Alarm.o
                                 0x7f (size before relaxing)
 .comment       0x0000007e       0x7f driver.o
 .comment       0x0000007e       0x7f main.o
 .comment       0x0000007e       0x7f Main_AL.o
 .comment       0x0000007e       0x7f Monitor.o
 .comment       0x0000007e       0x7f Sensor_pressure.o
 .comment       0x0000007e       0x7f startup.o

.ARM.attributes
                0x00000000       0x33
 .ARM.attributes
                0x00000000       0x33 Alarm.o
 .ARM.attributes
                0x00000033       0x33 driver.o
 .ARM.attributes
                0x00000066       0x33 main.o
 .ARM.attributes
                0x00000099       0x33 Main_AL.o
 .ARM.attributes
                0x000000cc       0x33 Monitor.o
 .ARM.attributes
                0x000000ff       0x33 Sensor_pressure.o
 .ARM.attributes
                0x00000132       0x33 startup.o

.debug_frame    0x00000000      0x380
 .debug_frame   0x00000000       0xc4 Alarm.o
 .debug_frame   0x000000c4       0x80 driver.o
 .debug_frame   0x00000144       0x4c main.o
 .debug_frame   0x00000190       0x94 Main_AL.o
 .debug_frame   0x00000224       0x84 Monitor.o
 .debug_frame   0x000002a8       0x88 Sensor_pressure.o
 .debug_frame   0x00000330       0x50 startup.o
